// Jest Snapshot v1, https://goo.gl/fbAQLP

exports[`Login Page Template renders correctly 1`] = `
<div
  className="sc-bcXHqe cipXCG"
>
  <div>
    renders correctly
  </div>
</div>
`;
