// Jest Snapshot v1, https://goo.gl/fbAQLP

exports[`ErrorMessage renders correctly 1`] = `
<span
  className="sc-bcXHqe cAICJi"
>
  Error message
</span>
`;
