// Jest Snapshot v1, https://goo.gl/fbAQLP

exports[`Login Form renders correctly 1`] = `
<form
  className="sc-jSUZER yoKQY"
  onSubmit={[Function]}
>
  <h2
    style={
      {
        "color": "#FCFEFF",
        "fontFamily": "Poppins, sans-serif",
        "fontSize": "2rem",
        "fontWeight": 600,
        "letterSpacing": "2px",
        "lineHeight": 1.2,
        "textAlign": "center",
      }
    }
  >
    Login
  </h2>
  <div
    className="sc-hLBbgP sDjkJ"
  >
    <label
      className="sc-dkrFOg jiCFWv"
      htmlFor="login"
      size="medium"
    >
      Login
    </label>
    <input
      className="sc-gswNZR gsrEOo"
      id="login"
      name="login"
      onBlur={[Function]}
      onChange={[Function]}
      placeholder="Enter your login"
      type="text"
    />
  </div>
  <div>
    <div
      className="sc-hLBbgP sDjkJ"
    >
      <label
        className="sc-dkrFOg jiCFWv"
        htmlFor="password"
        size="medium"
      >
        Password
      </label>
      <input
        className="sc-gswNZR gsrEOo"
        id="password"
        name="password"
        onBlur={[Function]}
        onChange={[Function]}
        placeholder="Enter your password"
        type="password"
      />
    </div>
  </div>
  <button
    className="sc-eDvSVe bMubeO"
    type="submit"
  >
    Login
  </button>
</form>
`;
