// Jest Snapshot v1, https://goo.gl/fbAQLP

exports[`ResetPassword Form renders correctly 1`] = `
.c4 {
  -webkit-align-items: center;
  -webkit-box-align: center;
  -ms-flex-align: center;
  align-items: center;
  display: -webkit-box;
  display: -webkit-flex;
  display: -ms-flexbox;
  display: flex;
  height: 2.875rem;
  -webkit-box-pack: start;
  -webkit-justify-content: start;
  -ms-flex-pack: start;
  justify-content: start;
  width: 100%;
}

.c3 {
  border: 1px solid #909AFF;
  border-radius: 0.5rem;
  display: -webkit-box;
  display: -webkit-flex;
  display: -ms-flexbox;
  display: flex;
  height: 2.875rem;
  padding: 0.625rem 1rem 0.625rem 1rem;
  width: 19.875rem;
}

.c3:disabled,
.c3:hover,
.c3:active,
.c3:focus {
  outline: none;
}

.c2 {
  color: white;
  display: -webkit-box;
  display: -webkit-flex;
  display: -ms-flexbox;
  display: flex;
  font-size: 16;
}

.c1 {
  display: -webkit-box;
  display: -webkit-flex;
  display: -ms-flexbox;
  display: flex;
  -webkit-flex-direction: column;
  -ms-flex-direction: column;
  flex-direction: column;
  gap: 0.6875rem;
  width: 19.875rem;
}

.c5 {
  -webkit-align-items: center;
  -webkit-box-align: center;
  -ms-flex-align: center;
  align-items: center;
  background-color: #EF6517;
  border: 1px solid black;
  border-radius: 0.5rem;
  color: #FCFEFF;
  display: -webkit-box;
  display: -webkit-flex;
  display: -ms-flexbox;
  display: flex;
  height: 2.5rem;
  -webkit-box-pack: center;
  -webkit-justify-content: center;
  -ms-flex-pack: center;
  justify-content: center;
  padding: 0.625rem 1rem 0.625rem 1rem;
  width: 19.875rem;
}

.c5:disabled,
.c5:hover,
.c5:active,
.c5:focus {
  outline: none;
}

.c0 {
  display: -webkit-box;
  display: -webkit-flex;
  display: -ms-flexbox;
  display: flex;
  -webkit-flex-direction: column;
  -ms-flex-direction: column;
  flex-direction: column;
  gap: 1rem;
  padding: 0 2.84375rem 0rem 2.84375rem;
  width: 100%;
}

<form
  className="c0"
  onSubmit={[Function]}
>
  <div
    className="c1"
  >
    <label
      className="c2"
      htmlFor="password"
      size="medium"
    >
      Your new password
    </label>
    <input
      className="c3"
      id="password"
      name="password"
      onBlur={[Function]}
      onChange={[Function]}
      placeholder="Enter your new password"
      type="password"
    />
  </div>
  <div
    className="c1"
  >
    <label
      className="c2"
      htmlFor="confirmPassword"
      size="medium"
    >
      Confirm the password
    </label>
    <input
      className="c3"
      id="confirmPassword"
      name="confirmPassword"
      onBlur={[Function]}
      onChange={[Function]}
      placeholder="Confirm the password"
      type="password"
    />
  </div>
  <span
    className="c4"
  />
  <button
    className="c5"
    type="submit"
  >
    Reset my password
  </button>
</form>
`;
