// Jest Snapshot v1, https://goo.gl/fbAQLP

exports[`Login Page renders correctly 1`] = `
<div
  className="sc-pyfCe hLiJWN"
>
  <img
    alt=""
    className="sc-bcXHqe bSBJnN"
  />
  <form
    className="sc-iBYQkv qrkfQ"
    onSubmit={[Function]}
  >
    <h2
      style={
        {
          "color": "#FCFEFF",
          "fontFamily": "Poppins, sans-serif",
          "fontSize": "2rem",
          "fontWeight": 600,
          "letterSpacing": "2px",
          "lineHeight": 1.2,
          "textAlign": "center",
        }
      }
    >
      Login
    </h2>
    <div
      className="sc-jSUZER igHxvv"
    >
      <label
        className="sc-eDvSVe kvGEhv"
        htmlFor="login"
        size="medium"
      >
        Login
      </label>
      <input
        className="sc-hLBbgP kgjgay"
        id="login"
        name="login"
        onBlur={[Function]}
        onChange={[Function]}
        placeholder="Enter your login"
        type="text"
      />
    </div>
    <div
      className="sc-jSUZER igHxvv"
    >
      <label
        className="sc-eDvSVe kvGEhv"
        htmlFor="password"
        size="medium"
      >
        Password
      </label>
      <input
        className="sc-hLBbgP kgjgay"
        id="password"
        name="password"
        onBlur={[Function]}
        onChange={[Function]}
        placeholder="Enter your password"
        type="password"
      />
    </div>
    <span
      className="sc-gswNZR XsqEV"
    />
    <button
      className="sc-gKPRtg liKPGY"
      type="submit"
    >
      Login
    </button>
    <a
      className="sc-ftTHYK caMiFM"
      href="/resetPassword"
      onClick={[Function]}
      palette={
        {
          "accent": "#0E172D",
          "background": "#0A1122",
          "backgroundGrey": "#F5F5F5",
          "badge": "#CF0000",
          "danger": "#FF4438",
          "default": "#000",
          "footer": "#3F4476",
          "greyDark": "#767676",
          "greyLight": "#F5F6F8",
          "inputGrey": "#4B4B4B",
          "light": "#FCFEFF",
          "primaryDark": "#4553DD",
          "primaryLight": "#909AFF",
          "secondaryDark": "#EF6517",
          "secondaryLight": "#FF7C33",
          "shadow": "#4B4D62",
          "sidebarTabs": "#CACACA",
          "success": "#83E57A",
          "successDeep": "#3A9832",
          "widgetBackground": "#fff",
        }
      }
    >
      Forgot your password?
    </a>
  </form>
</div>
`;
