// Jest Snapshot v1, https://goo.gl/fbAQLP

exports[`VotingsWidget renders correctly VotingsWidget 1`] = `
{
  "asFragment": [Function],
  "baseElement": .c2 {
  -webkit-align-items: center;
  -webkit-box-align: center;
  -ms-flex-align: center;
  align-items: center;
  background-color: transparent;
  display: -webkit-box;
  display: -webkit-flex;
  display: -ms-flexbox;
  display: flex;
  -webkit-box-pack: center;
  -webkit-justify-content: center;
  -ms-flex-pack: center;
  justify-content: center;
}

.c4 {
  -webkit-align-items: center;
  -webkit-box-align: center;
  -ms-flex-align: center;
  align-items: center;
  border-bottom: 1px solid #CACACA;
  display: -webkit-box;
  display: -webkit-flex;
  display: -ms-flexbox;
  display: flex;
  margin-right: 1.1rem;
  padding: 2rem 1.939rem 2rem 2.313rem;
}

.c4:last-child {
  margin-bottom: 0.938rem;
}

.c7 {
  -webkit-transform: rotate(90deg);
  -ms-transform: rotate(90deg);
  transform: rotate(90deg);
}

.c5 {
  -webkit-align-items: center;
  -webkit-box-align: center;
  -ms-flex-align: center;
  align-items: center;
  background-color: #F5F6F8;
  border: 1px solid #CACACA;
  border-radius: 8px;
  color: #4B4B4B;
  display: -webkit-box;
  display: -webkit-flex;
  display: -ms-flexbox;
  display: flex;
  height: 1.5rem;
  -webkit-box-pack: center;
  -webkit-justify-content: center;
  -ms-flex-pack: center;
  justify-content: center;
  margin-right: 1.688rem;
  width: 5.875rem;
}

.c8 {
  -webkit-align-items: center;
  -webkit-box-align: center;
  -ms-flex-align: center;
  align-items: center;
  background-color: #30BA57;
  border: 1px solid transparent;
  border-radius: 8px;
  color: #fff;
  display: -webkit-box;
  display: -webkit-flex;
  display: -ms-flexbox;
  display: flex;
  height: 1.5rem;
  -webkit-box-pack: center;
  -webkit-justify-content: center;
  -ms-flex-pack: center;
  justify-content: center;
  margin-right: 1.688rem;
  width: 5.875rem;
}

.c9 {
  -webkit-align-items: center;
  -webkit-box-align: center;
  -ms-flex-align: center;
  align-items: center;
  background-color: #FF4438;
  border: 1px solid transparent;
  border-radius: 8px;
  color: #fff;
  display: -webkit-box;
  display: -webkit-flex;
  display: -ms-flexbox;
  display: flex;
  height: 1.5rem;
  -webkit-box-pack: center;
  -webkit-justify-content: center;
  -ms-flex-pack: center;
  justify-content: center;
  margin-right: 1.688rem;
  width: 5.875rem;
}

.c11 {
  -webkit-align-items: center;
  -webkit-box-align: center;
  -ms-flex-align: center;
  align-items: center;
  background-color: #FFD541;
  border: 1px solid transparent;
  border-radius: 8px;
  color: #1B1A1A;
  display: -webkit-box;
  display: -webkit-flex;
  display: -ms-flexbox;
  display: flex;
  height: 1.5rem;
  -webkit-box-pack: center;
  -webkit-justify-content: center;
  -ms-flex-pack: center;
  justify-content: center;
  margin-right: 1.688rem;
  width: 5.875rem;
}

.c6 {
  background-color: #F5F6F8;
  border: 1px solid #CACACA;
  color: #4B4B4B;
}

.c12 {
  background-color: #FFD541;
  border: 1px solid transparent;
  color: #1B1A1A;
}

.c10 {
  background-color: 1px solid #FF4438;
  border: 1px solid transparent;
  color: #fff;
}

.c0 {
  background-color: #FCFEFF;
  border-radius: 8px;
  box-shadow: 0px 6px 6px -2px rgba(0,0,0,0.15);
  min-height: 25rem;
  min-width: 37.5rem;
}

.c1 {
  -webkit-align-items: center;
  -webkit-box-align: center;
  -ms-flex-align: center;
  align-items: center;
  background-color: #4553DD;
  border-bottom: 1px solid none;
  border-radius: 8px 8px 0 0;
  display: -webkit-box;
  display: -webkit-flex;
  display: -ms-flexbox;
  display: flex;
  -webkit-box-pack: justify;
  -webkit-justify-content: space-between;
  -ms-flex-pack: justify;
  justify-content: space-between;
  padding: 0.875rem 1.5rem;
}

.c3 {
  height: 21.75rem;
  overflow-y: scroll;
  -webkit-scrollbar-width: thin;
  -moz-scrollbar-width: thin;
  -ms-scrollbar-width: thin;
  scrollbar-width: thin;
}

.c3::-webkit-scrollbar {
  width: 1.25rem;
}

.c3::-webkit-scrollbar-thumb {
  background: #4B4B4B;
  border-radius: 16px;
  border: 0.375rem solid transparent;
  background-clip: padding-box;
}

.c3::-webkit-scrollbar-track {
  margin-bottom: 0.5rem;
  -webkit-scrollbar-color: #fff;
  -moz-scrollbar-color: #fff;
  -ms-scrollbar-color: #fff;
  scrollbar-color: #fff;
}

@supports (overflow:overlay) {
  .c3 {
    overflow: overlay;
  }
}

<body>
    <div>
      <div
        class="c0"
        mode="dark"
      >
        <div
          class="c1"
          mode="dark"
        >
          <h5
            style="font-family: Source Sans Pro, sans-serif; font-weight: 700; font-size: 1.25rem; line-height: 1.4; letter-spacing: 1px; color: rgb(255, 255, 255);"
          >
            Votings
          </h5>
          <button
            class="c2"
            type="button"
          >
            <svg
              fill="none"
              height="24"
              viewBox="0 0 20 20"
              width="24"
              xmlns="http://www.w3.org/2000/svg"
            >
              <mask
                id="mask-arrowRight"
              />
              <path
                d="M8.33325 5.83334L12.4999 10L8.33325 14.1667"
                stroke="#fff"
                stroke-linecap="round"
                stroke-linejoin="round"
                stroke-width="1.39167"
              />
            </svg>
          </button>
        </div>
        <div
          class="c3"
        >
          <div
            class="c4"
          >
            <svg
              fill="none"
              height="20"
              viewBox=" 0 0 20 19"
              width="20"
              xmlns="http://www.w3.org/2000/svg"
            >
              <mask
                id="mask-document"
              />
              <path
                d="M17 17.5H3C1.4 17.5 1 16.167 1 15.5V3.5C1 2.96957 1.21071 2.46086 1.58579 2.08579C1.96086 1.71071 2.46957 1.5 3 1.5H13C13.5304 1.5 14.0391 1.71071 14.4142 2.08579C14.7893 2.46086 15 2.96957 15 3.5V9.5M17 17.5C16.333 17.5 15 17.1 15 15.5V9.5M17 17.5C18.6 17.5 19 16.167 19 15.5V9.5H15"
                stroke="#4B4B4B"
                stroke-linecap="round"
                stroke-linejoin="round"
                stroke-width="1.67"
              />
            </svg>
            <h4
              style="font-family: Source Sans Pro, sans-serif; font-weight: 400; font-size: 1rem; line-height: 1.4; color: rgb(75, 75, 75); margin-left: 1.188rem; flex: 1;"
            >
              Resolution 
              03/2023
            </h4>
            <h4
              style="font-family: Source Sans Pro, sans-serif; font-weight: 400; font-size: 1rem; line-height: 1.4; color: rgb(75, 75, 75);"
            >
              <div
                class="c5 c6"
              >
                7
                 ago
              </div>
            </h4>
            <div
              class="c7"
            >
              <button
                class="c2"
                type="button"
              >
                <svg
                  fill="none"
                  height="20"
                  viewBox="0 0 20 20"
                  width="20"
                  xmlns="http://www.w3.org/2000/svg"
                >
                  <mask
                    id="mask-arrowRight"
                  />
                  <path
                    d="M8.33325 5.83334L12.4999 10L8.33325 14.1667"
                    stroke="#4B4B4B"
                    stroke-linecap="round"
                    stroke-linejoin="round"
                    stroke-width="1.39167"
                  />
                </svg>
              </button>
            </div>
          </div>
          <div
            class="c4"
          >
            <svg
              fill="none"
              height="20"
              viewBox=" 0 0 20 19"
              width="20"
              xmlns="http://www.w3.org/2000/svg"
            >
              <mask
                id="mask-document"
              />
              <path
                d="M17 17.5H3C1.4 17.5 1 16.167 1 15.5V3.5C1 2.96957 1.21071 2.46086 1.58579 2.08579C1.96086 1.71071 2.46957 1.5 3 1.5H13C13.5304 1.5 14.0391 1.71071 14.4142 2.08579C14.7893 2.46086 15 2.96957 15 3.5V9.5M17 17.5C16.333 17.5 15 17.1 15 15.5V9.5M17 17.5C18.6 17.5 19 16.167 19 15.5V9.5H15"
                stroke="#4B4B4B"
                stroke-linecap="round"
                stroke-linejoin="round"
                stroke-width="1.67"
              />
            </svg>
            <h4
              style="font-family: Source Sans Pro, sans-serif; font-weight: 600; font-size: 1rem; line-height: 1.4; color: rgb(75, 75, 75); margin-left: 1.188rem; flex: 1;"
            >
              Resolution 
              10/2023
            </h4>
            <h4
              style="font-family: Source Sans Pro, sans-serif; font-weight: 600; font-size: 1rem; line-height: 1.4; color: rgb(75, 75, 75);"
            >
              <div
                class="c8"
              >
                193
                 left
              </div>
            </h4>
            <div
              class="c7"
            >
              <button
                class="c2"
                type="button"
              >
                <svg
                  fill="none"
                  height="20"
                  viewBox="0 0 20 20"
                  width="20"
                  xmlns="http://www.w3.org/2000/svg"
                >
                  <mask
                    id="mask-arrowRight"
                  />
                  <path
                    d="M8.33325 5.83334L12.4999 10L8.33325 14.1667"
                    stroke="#4B4B4B"
                    stroke-linecap="round"
                    stroke-linejoin="round"
                    stroke-width="1.39167"
                  />
                </svg>
              </button>
            </div>
          </div>
          <div
            class="c4"
          >
            <svg
              fill="none"
              height="20"
              viewBox=" 0 0 20 19"
              width="20"
              xmlns="http://www.w3.org/2000/svg"
            >
              <mask
                id="mask-document"
              />
              <path
                d="M17 17.5H3C1.4 17.5 1 16.167 1 15.5V3.5C1 2.96957 1.21071 2.46086 1.58579 2.08579C1.96086 1.71071 2.46957 1.5 3 1.5H13C13.5304 1.5 14.0391 1.71071 14.4142 2.08579C14.7893 2.46086 15 2.96957 15 3.5V9.5M17 17.5C16.333 17.5 15 17.1 15 15.5V9.5M17 17.5C18.6 17.5 19 16.167 19 15.5V9.5H15"
                stroke="#4B4B4B"
                stroke-linecap="round"
                stroke-linejoin="round"
                stroke-width="1.67"
              />
            </svg>
            <h4
              style="font-family: Source Sans Pro, sans-serif; font-weight: 400; font-size: 1rem; line-height: 1.4; color: rgb(75, 75, 75); margin-left: 1.188rem; flex: 1;"
            >
              Resolution 
              03/2023
            </h4>
            <h4
              style="font-family: Source Sans Pro, sans-serif; font-weight: 400; font-size: 1rem; line-height: 1.4; color: rgb(75, 75, 75);"
            >
              <div
                class="c5 c6"
              >
                1
                 ago
              </div>
            </h4>
            <div
              class="c7"
            >
              <button
                class="c2"
                type="button"
              >
                <svg
                  fill="none"
                  height="20"
                  viewBox="0 0 20 20"
                  width="20"
                  xmlns="http://www.w3.org/2000/svg"
                >
                  <mask
                    id="mask-arrowRight"
                  />
                  <path
                    d="M8.33325 5.83334L12.4999 10L8.33325 14.1667"
                    stroke="#4B4B4B"
                    stroke-linecap="round"
                    stroke-linejoin="round"
                    stroke-width="1.39167"
                  />
                </svg>
              </button>
            </div>
          </div>
          <div
            class="c4"
          >
            <svg
              fill="none"
              height="20"
              viewBox=" 0 0 20 19"
              width="20"
              xmlns="http://www.w3.org/2000/svg"
            >
              <mask
                id="mask-document"
              />
              <path
                d="M17 17.5H3C1.4 17.5 1 16.167 1 15.5V3.5C1 2.96957 1.21071 2.46086 1.58579 2.08579C1.96086 1.71071 2.46957 1.5 3 1.5H13C13.5304 1.5 14.0391 1.71071 14.4142 2.08579C14.7893 2.46086 15 2.96957 15 3.5V9.5M17 17.5C16.333 17.5 15 17.1 15 15.5V9.5M17 17.5C18.6 17.5 19 16.167 19 15.5V9.5H15"
                stroke="#4B4B4B"
                stroke-linecap="round"
                stroke-linejoin="round"
                stroke-width="1.67"
              />
            </svg>
            <h4
              style="font-family: Source Sans Pro, sans-serif; font-weight: 600; font-size: 1rem; line-height: 1.4; color: rgb(75, 75, 75); margin-left: 1.188rem; flex: 1;"
            >
              Resolution 
              03/2023
            </h4>
            <h4
              style="font-family: Source Sans Pro, sans-serif; font-weight: 600; font-size: 1rem; line-height: 1.4; color: rgb(75, 75, 75);"
            >
              <div
                class="c9 c10"
              >
                5
                 left
              </div>
            </h4>
            <div
              class="c7"
            >
              <button
                class="c2"
                type="button"
              >
                <svg
                  fill="none"
                  height="20"
                  viewBox="0 0 20 20"
                  width="20"
                  xmlns="http://www.w3.org/2000/svg"
                >
                  <mask
                    id="mask-arrowRight"
                  />
                  <path
                    d="M8.33325 5.83334L12.4999 10L8.33325 14.1667"
                    stroke="#4B4B4B"
                    stroke-linecap="round"
                    stroke-linejoin="round"
                    stroke-width="1.39167"
                  />
                </svg>
              </button>
            </div>
          </div>
          <div
            class="c4"
          >
            <svg
              fill="none"
              height="20"
              viewBox=" 0 0 20 19"
              width="20"
              xmlns="http://www.w3.org/2000/svg"
            >
              <mask
                id="mask-document"
              />
              <path
                d="M17 17.5H3C1.4 17.5 1 16.167 1 15.5V3.5C1 2.96957 1.21071 2.46086 1.58579 2.08579C1.96086 1.71071 2.46957 1.5 3 1.5H13C13.5304 1.5 14.0391 1.71071 14.4142 2.08579C14.7893 2.46086 15 2.96957 15 3.5V9.5M17 17.5C16.333 17.5 15 17.1 15 15.5V9.5M17 17.5C18.6 17.5 19 16.167 19 15.5V9.5H15"
                stroke="#4B4B4B"
                stroke-linecap="round"
                stroke-linejoin="round"
                stroke-width="1.67"
              />
            </svg>
            <h4
              style="font-family: Source Sans Pro, sans-serif; font-weight: 600; font-size: 1rem; line-height: 1.4; color: rgb(75, 75, 75); margin-left: 1.188rem; flex: 1;"
            >
              Resolution 
              04/2023
            </h4>
            <h4
              style="font-family: Source Sans Pro, sans-serif; font-weight: 600; font-size: 1rem; line-height: 1.4; color: rgb(75, 75, 75);"
            >
              <div
                class="c11 c12"
              >
                12
                 left
              </div>
            </h4>
            <div
              class="c7"
            >
              <button
                class="c2"
                type="button"
              >
                <svg
                  fill="none"
                  height="20"
                  viewBox="0 0 20 20"
                  width="20"
                  xmlns="http://www.w3.org/2000/svg"
                >
                  <mask
                    id="mask-arrowRight"
                  />
                  <path
                    d="M8.33325 5.83334L12.4999 10L8.33325 14.1667"
                    stroke="#4B4B4B"
                    stroke-linecap="round"
                    stroke-linejoin="round"
                    stroke-width="1.39167"
                  />
                </svg>
              </button>
            </div>
          </div>
        </div>
      </div>
      <div
        data-testid="location-display"
      >
        /
      </div>
    </div>
  </body>,
  "container": .c2 {
  -webkit-align-items: center;
  -webkit-box-align: center;
  -ms-flex-align: center;
  align-items: center;
  background-color: transparent;
  display: -webkit-box;
  display: -webkit-flex;
  display: -ms-flexbox;
  display: flex;
  -webkit-box-pack: center;
  -webkit-justify-content: center;
  -ms-flex-pack: center;
  justify-content: center;
}

.c4 {
  -webkit-align-items: center;
  -webkit-box-align: center;
  -ms-flex-align: center;
  align-items: center;
  border-bottom: 1px solid #CACACA;
  display: -webkit-box;
  display: -webkit-flex;
  display: -ms-flexbox;
  display: flex;
  margin-right: 1.1rem;
  padding: 2rem 1.939rem 2rem 2.313rem;
}

.c4:last-child {
  margin-bottom: 0.938rem;
}

.c7 {
  -webkit-transform: rotate(90deg);
  -ms-transform: rotate(90deg);
  transform: rotate(90deg);
}

.c5 {
  -webkit-align-items: center;
  -webkit-box-align: center;
  -ms-flex-align: center;
  align-items: center;
  background-color: #F5F6F8;
  border: 1px solid #CACACA;
  border-radius: 8px;
  color: #4B4B4B;
  display: -webkit-box;
  display: -webkit-flex;
  display: -ms-flexbox;
  display: flex;
  height: 1.5rem;
  -webkit-box-pack: center;
  -webkit-justify-content: center;
  -ms-flex-pack: center;
  justify-content: center;
  margin-right: 1.688rem;
  width: 5.875rem;
}

.c8 {
  -webkit-align-items: center;
  -webkit-box-align: center;
  -ms-flex-align: center;
  align-items: center;
  background-color: #30BA57;
  border: 1px solid transparent;
  border-radius: 8px;
  color: #fff;
  display: -webkit-box;
  display: -webkit-flex;
  display: -ms-flexbox;
  display: flex;
  height: 1.5rem;
  -webkit-box-pack: center;
  -webkit-justify-content: center;
  -ms-flex-pack: center;
  justify-content: center;
  margin-right: 1.688rem;
  width: 5.875rem;
}

.c9 {
  -webkit-align-items: center;
  -webkit-box-align: center;
  -ms-flex-align: center;
  align-items: center;
  background-color: #FF4438;
  border: 1px solid transparent;
  border-radius: 8px;
  color: #fff;
  display: -webkit-box;
  display: -webkit-flex;
  display: -ms-flexbox;
  display: flex;
  height: 1.5rem;
  -webkit-box-pack: center;
  -webkit-justify-content: center;
  -ms-flex-pack: center;
  justify-content: center;
  margin-right: 1.688rem;
  width: 5.875rem;
}

.c11 {
  -webkit-align-items: center;
  -webkit-box-align: center;
  -ms-flex-align: center;
  align-items: center;
  background-color: #FFD541;
  border: 1px solid transparent;
  border-radius: 8px;
  color: #1B1A1A;
  display: -webkit-box;
  display: -webkit-flex;
  display: -ms-flexbox;
  display: flex;
  height: 1.5rem;
  -webkit-box-pack: center;
  -webkit-justify-content: center;
  -ms-flex-pack: center;
  justify-content: center;
  margin-right: 1.688rem;
  width: 5.875rem;
}

.c6 {
  background-color: #F5F6F8;
  border: 1px solid #CACACA;
  color: #4B4B4B;
}

.c12 {
  background-color: #FFD541;
  border: 1px solid transparent;
  color: #1B1A1A;
}

.c10 {
  background-color: 1px solid #FF4438;
  border: 1px solid transparent;
  color: #fff;
}

.c0 {
  background-color: #FCFEFF;
  border-radius: 8px;
  box-shadow: 0px 6px 6px -2px rgba(0,0,0,0.15);
  min-height: 25rem;
  min-width: 37.5rem;
}

.c1 {
  -webkit-align-items: center;
  -webkit-box-align: center;
  -ms-flex-align: center;
  align-items: center;
  background-color: #4553DD;
  border-bottom: 1px solid none;
  border-radius: 8px 8px 0 0;
  display: -webkit-box;
  display: -webkit-flex;
  display: -ms-flexbox;
  display: flex;
  -webkit-box-pack: justify;
  -webkit-justify-content: space-between;
  -ms-flex-pack: justify;
  justify-content: space-between;
  padding: 0.875rem 1.5rem;
}

.c3 {
  height: 21.75rem;
  overflow-y: scroll;
  -webkit-scrollbar-width: thin;
  -moz-scrollbar-width: thin;
  -ms-scrollbar-width: thin;
  scrollbar-width: thin;
}

.c3::-webkit-scrollbar {
  width: 1.25rem;
}

.c3::-webkit-scrollbar-thumb {
  background: #4B4B4B;
  border-radius: 16px;
  border: 0.375rem solid transparent;
  background-clip: padding-box;
}

.c3::-webkit-scrollbar-track {
  margin-bottom: 0.5rem;
  -webkit-scrollbar-color: #fff;
  -moz-scrollbar-color: #fff;
  -ms-scrollbar-color: #fff;
  scrollbar-color: #fff;
}

@supports (overflow:overlay) {
  .c3 {
    overflow: overlay;
  }
}

<div>
    <div
      class="c0"
      mode="dark"
    >
      <div
        class="c1"
        mode="dark"
      >
        <h5
          style="font-family: Source Sans Pro, sans-serif; font-weight: 700; font-size: 1.25rem; line-height: 1.4; letter-spacing: 1px; color: rgb(255, 255, 255);"
        >
          Votings
        </h5>
        <button
          class="c2"
          type="button"
        >
          <svg
            fill="none"
            height="24"
            viewBox="0 0 20 20"
            width="24"
            xmlns="http://www.w3.org/2000/svg"
          >
            <mask
              id="mask-arrowRight"
            />
            <path
              d="M8.33325 5.83334L12.4999 10L8.33325 14.1667"
              stroke="#fff"
              stroke-linecap="round"
              stroke-linejoin="round"
              stroke-width="1.39167"
            />
          </svg>
        </button>
      </div>
      <div
        class="c3"
      >
        <div
          class="c4"
        >
          <svg
            fill="none"
            height="20"
            viewBox=" 0 0 20 19"
            width="20"
            xmlns="http://www.w3.org/2000/svg"
          >
            <mask
              id="mask-document"
            />
            <path
              d="M17 17.5H3C1.4 17.5 1 16.167 1 15.5V3.5C1 2.96957 1.21071 2.46086 1.58579 2.08579C1.96086 1.71071 2.46957 1.5 3 1.5H13C13.5304 1.5 14.0391 1.71071 14.4142 2.08579C14.7893 2.46086 15 2.96957 15 3.5V9.5M17 17.5C16.333 17.5 15 17.1 15 15.5V9.5M17 17.5C18.6 17.5 19 16.167 19 15.5V9.5H15"
              stroke="#4B4B4B"
              stroke-linecap="round"
              stroke-linejoin="round"
              stroke-width="1.67"
            />
          </svg>
          <h4
            style="font-family: Source Sans Pro, sans-serif; font-weight: 400; font-size: 1rem; line-height: 1.4; color: rgb(75, 75, 75); margin-left: 1.188rem; flex: 1;"
          >
            Resolution 
            03/2023
          </h4>
          <h4
            style="font-family: Source Sans Pro, sans-serif; font-weight: 400; font-size: 1rem; line-height: 1.4; color: rgb(75, 75, 75);"
          >
            <div
              class="c5 c6"
            >
              7
               ago
            </div>
          </h4>
          <div
            class="c7"
          >
            <button
              class="c2"
              type="button"
            >
              <svg
                fill="none"
                height="20"
                viewBox="0 0 20 20"
                width="20"
                xmlns="http://www.w3.org/2000/svg"
              >
                <mask
                  id="mask-arrowRight"
                />
                <path
                  d="M8.33325 5.83334L12.4999 10L8.33325 14.1667"
                  stroke="#4B4B4B"
                  stroke-linecap="round"
                  stroke-linejoin="round"
                  stroke-width="1.39167"
                />
              </svg>
            </button>
          </div>
        </div>
        <div
          class="c4"
        >
          <svg
            fill="none"
            height="20"
            viewBox=" 0 0 20 19"
            width="20"
            xmlns="http://www.w3.org/2000/svg"
          >
            <mask
              id="mask-document"
            />
            <path
              d="M17 17.5H3C1.4 17.5 1 16.167 1 15.5V3.5C1 2.96957 1.21071 2.46086 1.58579 2.08579C1.96086 1.71071 2.46957 1.5 3 1.5H13C13.5304 1.5 14.0391 1.71071 14.4142 2.08579C14.7893 2.46086 15 2.96957 15 3.5V9.5M17 17.5C16.333 17.5 15 17.1 15 15.5V9.5M17 17.5C18.6 17.5 19 16.167 19 15.5V9.5H15"
              stroke="#4B4B4B"
              stroke-linecap="round"
              stroke-linejoin="round"
              stroke-width="1.67"
            />
          </svg>
          <h4
            style="font-family: Source Sans Pro, sans-serif; font-weight: 600; font-size: 1rem; line-height: 1.4; color: rgb(75, 75, 75); margin-left: 1.188rem; flex: 1;"
          >
            Resolution 
            10/2023
          </h4>
          <h4
            style="font-family: Source Sans Pro, sans-serif; font-weight: 600; font-size: 1rem; line-height: 1.4; color: rgb(75, 75, 75);"
          >
            <div
              class="c8"
            >
              193
               left
            </div>
          </h4>
          <div
            class="c7"
          >
            <button
              class="c2"
              type="button"
            >
              <svg
                fill="none"
                height="20"
                viewBox="0 0 20 20"
                width="20"
                xmlns="http://www.w3.org/2000/svg"
              >
                <mask
                  id="mask-arrowRight"
                />
                <path
                  d="M8.33325 5.83334L12.4999 10L8.33325 14.1667"
                  stroke="#4B4B4B"
                  stroke-linecap="round"
                  stroke-linejoin="round"
                  stroke-width="1.39167"
                />
              </svg>
            </button>
          </div>
        </div>
        <div
          class="c4"
        >
          <svg
            fill="none"
            height="20"
            viewBox=" 0 0 20 19"
            width="20"
            xmlns="http://www.w3.org/2000/svg"
          >
            <mask
              id="mask-document"
            />
            <path
              d="M17 17.5H3C1.4 17.5 1 16.167 1 15.5V3.5C1 2.96957 1.21071 2.46086 1.58579 2.08579C1.96086 1.71071 2.46957 1.5 3 1.5H13C13.5304 1.5 14.0391 1.71071 14.4142 2.08579C14.7893 2.46086 15 2.96957 15 3.5V9.5M17 17.5C16.333 17.5 15 17.1 15 15.5V9.5M17 17.5C18.6 17.5 19 16.167 19 15.5V9.5H15"
              stroke="#4B4B4B"
              stroke-linecap="round"
              stroke-linejoin="round"
              stroke-width="1.67"
            />
          </svg>
          <h4
            style="font-family: Source Sans Pro, sans-serif; font-weight: 400; font-size: 1rem; line-height: 1.4; color: rgb(75, 75, 75); margin-left: 1.188rem; flex: 1;"
          >
            Resolution 
            03/2023
          </h4>
          <h4
            style="font-family: Source Sans Pro, sans-serif; font-weight: 400; font-size: 1rem; line-height: 1.4; color: rgb(75, 75, 75);"
          >
            <div
              class="c5 c6"
            >
              1
               ago
            </div>
          </h4>
          <div
            class="c7"
          >
            <button
              class="c2"
              type="button"
            >
              <svg
                fill="none"
                height="20"
                viewBox="0 0 20 20"
                width="20"
                xmlns="http://www.w3.org/2000/svg"
              >
                <mask
                  id="mask-arrowRight"
                />
                <path
                  d="M8.33325 5.83334L12.4999 10L8.33325 14.1667"
                  stroke="#4B4B4B"
                  stroke-linecap="round"
                  stroke-linejoin="round"
                  stroke-width="1.39167"
                />
              </svg>
            </button>
          </div>
        </div>
        <div
          class="c4"
        >
          <svg
            fill="none"
            height="20"
            viewBox=" 0 0 20 19"
            width="20"
            xmlns="http://www.w3.org/2000/svg"
          >
            <mask
              id="mask-document"
            />
            <path
              d="M17 17.5H3C1.4 17.5 1 16.167 1 15.5V3.5C1 2.96957 1.21071 2.46086 1.58579 2.08579C1.96086 1.71071 2.46957 1.5 3 1.5H13C13.5304 1.5 14.0391 1.71071 14.4142 2.08579C14.7893 2.46086 15 2.96957 15 3.5V9.5M17 17.5C16.333 17.5 15 17.1 15 15.5V9.5M17 17.5C18.6 17.5 19 16.167 19 15.5V9.5H15"
              stroke="#4B4B4B"
              stroke-linecap="round"
              stroke-linejoin="round"
              stroke-width="1.67"
            />
          </svg>
          <h4
            style="font-family: Source Sans Pro, sans-serif; font-weight: 600; font-size: 1rem; line-height: 1.4; color: rgb(75, 75, 75); margin-left: 1.188rem; flex: 1;"
          >
            Resolution 
            03/2023
          </h4>
          <h4
            style="font-family: Source Sans Pro, sans-serif; font-weight: 600; font-size: 1rem; line-height: 1.4; color: rgb(75, 75, 75);"
          >
            <div
              class="c9 c10"
            >
              5
               left
            </div>
          </h4>
          <div
            class="c7"
          >
            <button
              class="c2"
              type="button"
            >
              <svg
                fill="none"
                height="20"
                viewBox="0 0 20 20"
                width="20"
                xmlns="http://www.w3.org/2000/svg"
              >
                <mask
                  id="mask-arrowRight"
                />
                <path
                  d="M8.33325 5.83334L12.4999 10L8.33325 14.1667"
                  stroke="#4B4B4B"
                  stroke-linecap="round"
                  stroke-linejoin="round"
                  stroke-width="1.39167"
                />
              </svg>
            </button>
          </div>
        </div>
        <div
          class="c4"
        >
          <svg
            fill="none"
            height="20"
            viewBox=" 0 0 20 19"
            width="20"
            xmlns="http://www.w3.org/2000/svg"
          >
            <mask
              id="mask-document"
            />
            <path
              d="M17 17.5H3C1.4 17.5 1 16.167 1 15.5V3.5C1 2.96957 1.21071 2.46086 1.58579 2.08579C1.96086 1.71071 2.46957 1.5 3 1.5H13C13.5304 1.5 14.0391 1.71071 14.4142 2.08579C14.7893 2.46086 15 2.96957 15 3.5V9.5M17 17.5C16.333 17.5 15 17.1 15 15.5V9.5M17 17.5C18.6 17.5 19 16.167 19 15.5V9.5H15"
              stroke="#4B4B4B"
              stroke-linecap="round"
              stroke-linejoin="round"
              stroke-width="1.67"
            />
          </svg>
          <h4
            style="font-family: Source Sans Pro, sans-serif; font-weight: 600; font-size: 1rem; line-height: 1.4; color: rgb(75, 75, 75); margin-left: 1.188rem; flex: 1;"
          >
            Resolution 
            04/2023
          </h4>
          <h4
            style="font-family: Source Sans Pro, sans-serif; font-weight: 600; font-size: 1rem; line-height: 1.4; color: rgb(75, 75, 75);"
          >
            <div
              class="c11 c12"
            >
              12
               left
            </div>
          </h4>
          <div
            class="c7"
          >
            <button
              class="c2"
              type="button"
            >
              <svg
                fill="none"
                height="20"
                viewBox="0 0 20 20"
                width="20"
                xmlns="http://www.w3.org/2000/svg"
              >
                <mask
                  id="mask-arrowRight"
                />
                <path
                  d="M8.33325 5.83334L12.4999 10L8.33325 14.1667"
                  stroke="#4B4B4B"
                  stroke-linecap="round"
                  stroke-linejoin="round"
                  stroke-width="1.39167"
                />
              </svg>
            </button>
          </div>
        </div>
      </div>
    </div>
    <div
      data-testid="location-display"
    >
      /
    </div>
  </div>,
  "debug": [Function],
  "findAllByAltText": [Function],
  "findAllByDisplayValue": [Function],
  "findAllByLabelText": [Function],
  "findAllByPlaceholderText": [Function],
  "findAllByRole": [Function],
  "findAllByTestId": [Function],
  "findAllByText": [Function],
  "findAllByTitle": [Function],
  "findByAltText": [Function],
  "findByDisplayValue": [Function],
  "findByLabelText": [Function],
  "findByPlaceholderText": [Function],
  "findByRole": [Function],
  "findByTestId": [Function],
  "findByText": [Function],
  "findByTitle": [Function],
  "getAllByAltText": [Function],
  "getAllByDisplayValue": [Function],
  "getAllByLabelText": [Function],
  "getAllByPlaceholderText": [Function],
  "getAllByRole": [Function],
  "getAllByTestId": [Function],
  "getAllByText": [Function],
  "getAllByTitle": [Function],
  "getByAltText": [Function],
  "getByDisplayValue": [Function],
  "getByLabelText": [Function],
  "getByPlaceholderText": [Function],
  "getByRole": [Function],
  "getByTestId": [Function],
  "getByText": [Function],
  "getByTitle": [Function],
  "queryAllByAltText": [Function],
  "queryAllByDisplayValue": [Function],
  "queryAllByLabelText": [Function],
  "queryAllByPlaceholderText": [Function],
  "queryAllByRole": [Function],
  "queryAllByTestId": [Function],
  "queryAllByText": [Function],
  "queryAllByTitle": [Function],
  "queryByAltText": [Function],
  "queryByDisplayValue": [Function],
  "queryByLabelText": [Function],
  "queryByPlaceholderText": [Function],
  "queryByRole": [Function],
  "queryByTestId": [Function],
  "queryByText": [Function],
  "queryByTitle": [Function],
  "rerender": [Function],
  "store": {
    "@@observable": [Function],
    "dispatch": [Function],
    "getState": [Function],
    "replaceReducer": [Function],
    "subscribe": [Function],
  },
  "unmount": [Function],
}
`;
