// Jest Snapshot v1, https://goo.gl/fbAQLP

exports[`Input renders correctly 1`] = `
<form
  action=""
>
  <input
    className="sc-bcXHqe dMnLRc"
    id="login"
    name="login"
    onBlur={[Function]}
    onChange={[Function]}
    placeholder="login"
    type="text"
  />
</form>
`;
