// Jest Snapshot v1, https://goo.gl/fbAQLP

exports[`BuildingsList renders correctly 1`] = `
{
  "asFragment": [Function],
  "baseElement": <body>
    <div>
      <div
        class="sc-jSUZER cbQclI"
      >
        <div
          class="sc-bcXHqe fBLOax"
        >
          <img
            alt="Building"
            class="sc-gswNZR djSoAM"
            src=""
          />
          <div
            class="sc-dkrFOg doHqxF"
          >
            <h3
              style="font-family: Source Sans Pro, sans-serif; font-weight: 700; font-size: 1.25rem; line-height: 1.75; letter-spacing: 1px; color: rgb(75, 75, 75);"
            >
              Building #
              1
            </h3>
            <p
              style="font-family: Source Sans Pro, sans-serif; font-weight: 400; font-size: 1rem; line-height: 1.6; letter-spacing: 0; color: rgb(75, 75, 75);"
            >
              Berry Street 21
            </p>
            <div
              class="sc-hLBbgP koPdij"
            >
              <button
                class="sc-eDvSVe hLvfrA"
              >
                Open details
              </button>
            </div>
          </div>
        </div>
        <div
          class="sc-bcXHqe fBLOax"
        >
          <img
            alt="Building"
            class="sc-gswNZR djSoAM"
            src=""
          />
          <div
            class="sc-dkrFOg doHqxF"
          >
            <h3
              style="font-family: Source Sans Pro, sans-serif; font-weight: 700; font-size: 1.25rem; line-height: 1.75; letter-spacing: 1px; color: rgb(75, 75, 75);"
            >
              Building #
              2
            </h3>
            <p
              style="font-family: Source Sans Pro, sans-serif; font-weight: 400; font-size: 1rem; line-height: 1.6; letter-spacing: 0; color: rgb(75, 75, 75);"
            >
              Miedziana Street 3
            </p>
            <div
              class="sc-hLBbgP koPdij"
            >
              <button
                class="sc-eDvSVe hLvfrA"
              >
                Open details
              </button>
            </div>
          </div>
        </div>
        <div
          class="sc-bcXHqe fBLOax"
        >
          <img
            alt="Building"
            class="sc-gswNZR djSoAM"
            src=""
          />
          <div
            class="sc-dkrFOg doHqxF"
          >
            <h3
              style="font-family: Source Sans Pro, sans-serif; font-weight: 700; font-size: 1.25rem; line-height: 1.75; letter-spacing: 1px; color: rgb(75, 75, 75);"
            >
              Building #
              3
            </h3>
            <p
              style="font-family: Source Sans Pro, sans-serif; font-weight: 400; font-size: 1rem; line-height: 1.6; letter-spacing: 0; color: rgb(75, 75, 75);"
            >
              Seaport Avenue 51
            </p>
            <div
              class="sc-hLBbgP koPdij"
            >
              <button
                class="sc-eDvSVe hLvfrA"
              >
                Open details
              </button>
            </div>
          </div>
        </div>
        <div
          class="sc-bcXHqe fBLOax"
        >
          <img
            alt="Building"
            class="sc-gswNZR djSoAM"
            src=""
          />
          <div
            class="sc-dkrFOg doHqxF"
          >
            <h3
              style="font-family: Source Sans Pro, sans-serif; font-weight: 700; font-size: 1.25rem; line-height: 1.75; letter-spacing: 1px; color: rgb(75, 75, 75);"
            >
              Building #
              4
            </h3>
            <p
              style="font-family: Source Sans Pro, sans-serif; font-weight: 400; font-size: 1rem; line-height: 1.6; letter-spacing: 0; color: rgb(75, 75, 75);"
            >
              Desert Street 2X
            </p>
            <div
              class="sc-hLBbgP koPdij"
            >
              <button
                class="sc-eDvSVe hLvfrA"
              >
                Open details
              </button>
            </div>
          </div>
        </div>
        <div
          class="sc-bcXHqe fBLOax"
        >
          <img
            alt="Building"
            class="sc-gswNZR djSoAM"
            src=""
          />
          <div
            class="sc-dkrFOg doHqxF"
          >
            <h3
              style="font-family: Source Sans Pro, sans-serif; font-weight: 700; font-size: 1.25rem; line-height: 1.75; letter-spacing: 1px; color: rgb(75, 75, 75);"
            >
              Building #
              5
            </h3>
            <p
              style="font-family: Source Sans Pro, sans-serif; font-weight: 400; font-size: 1rem; line-height: 1.6; letter-spacing: 0; color: rgb(75, 75, 75);"
            >
              Lakewood Avenue 57
            </p>
            <div
              class="sc-hLBbgP koPdij"
            >
              <button
                class="sc-eDvSVe hLvfrA"
              >
                Open details
              </button>
            </div>
          </div>
        </div>
      </div>
      <div
        data-testid="location-display"
      >
        /
      </div>
    </div>
  </body>,
  "container": <div>
    <div
      class="sc-jSUZER cbQclI"
    >
      <div
        class="sc-bcXHqe fBLOax"
      >
        <img
          alt="Building"
          class="sc-gswNZR djSoAM"
          src=""
        />
        <div
          class="sc-dkrFOg doHqxF"
        >
          <h3
            style="font-family: Source Sans Pro, sans-serif; font-weight: 700; font-size: 1.25rem; line-height: 1.75; letter-spacing: 1px; color: rgb(75, 75, 75);"
          >
            Building #
            1
          </h3>
          <p
            style="font-family: Source Sans Pro, sans-serif; font-weight: 400; font-size: 1rem; line-height: 1.6; letter-spacing: 0; color: rgb(75, 75, 75);"
          >
            Berry Street 21
          </p>
          <div
            class="sc-hLBbgP koPdij"
          >
            <button
              class="sc-eDvSVe hLvfrA"
            >
              Open details
            </button>
          </div>
        </div>
      </div>
      <div
        class="sc-bcXHqe fBLOax"
      >
        <img
          alt="Building"
          class="sc-gswNZR djSoAM"
          src=""
        />
        <div
          class="sc-dkrFOg doHqxF"
        >
          <h3
            style="font-family: Source Sans Pro, sans-serif; font-weight: 700; font-size: 1.25rem; line-height: 1.75; letter-spacing: 1px; color: rgb(75, 75, 75);"
          >
            Building #
            2
          </h3>
          <p
            style="font-family: Source Sans Pro, sans-serif; font-weight: 400; font-size: 1rem; line-height: 1.6; letter-spacing: 0; color: rgb(75, 75, 75);"
          >
            Miedziana Street 3
          </p>
          <div
            class="sc-hLBbgP koPdij"
          >
            <button
              class="sc-eDvSVe hLvfrA"
            >
              Open details
            </button>
          </div>
        </div>
      </div>
      <div
        class="sc-bcXHqe fBLOax"
      >
        <img
          alt="Building"
          class="sc-gswNZR djSoAM"
          src=""
        />
        <div
          class="sc-dkrFOg doHqxF"
        >
          <h3
            style="font-family: Source Sans Pro, sans-serif; font-weight: 700; font-size: 1.25rem; line-height: 1.75; letter-spacing: 1px; color: rgb(75, 75, 75);"
          >
            Building #
            3
          </h3>
          <p
            style="font-family: Source Sans Pro, sans-serif; font-weight: 400; font-size: 1rem; line-height: 1.6; letter-spacing: 0; color: rgb(75, 75, 75);"
          >
            Seaport Avenue 51
          </p>
          <div
            class="sc-hLBbgP koPdij"
          >
            <button
              class="sc-eDvSVe hLvfrA"
            >
              Open details
            </button>
          </div>
        </div>
      </div>
      <div
        class="sc-bcXHqe fBLOax"
      >
        <img
          alt="Building"
          class="sc-gswNZR djSoAM"
          src=""
        />
        <div
          class="sc-dkrFOg doHqxF"
        >
          <h3
            style="font-family: Source Sans Pro, sans-serif; font-weight: 700; font-size: 1.25rem; line-height: 1.75; letter-spacing: 1px; color: rgb(75, 75, 75);"
          >
            Building #
            4
          </h3>
          <p
            style="font-family: Source Sans Pro, sans-serif; font-weight: 400; font-size: 1rem; line-height: 1.6; letter-spacing: 0; color: rgb(75, 75, 75);"
          >
            Desert Street 2X
          </p>
          <div
            class="sc-hLBbgP koPdij"
          >
            <button
              class="sc-eDvSVe hLvfrA"
            >
              Open details
            </button>
          </div>
        </div>
      </div>
      <div
        class="sc-bcXHqe fBLOax"
      >
        <img
          alt="Building"
          class="sc-gswNZR djSoAM"
          src=""
        />
        <div
          class="sc-dkrFOg doHqxF"
        >
          <h3
            style="font-family: Source Sans Pro, sans-serif; font-weight: 700; font-size: 1.25rem; line-height: 1.75; letter-spacing: 1px; color: rgb(75, 75, 75);"
          >
            Building #
            5
          </h3>
          <p
            style="font-family: Source Sans Pro, sans-serif; font-weight: 400; font-size: 1rem; line-height: 1.6; letter-spacing: 0; color: rgb(75, 75, 75);"
          >
            Lakewood Avenue 57
          </p>
          <div
            class="sc-hLBbgP koPdij"
          >
            <button
              class="sc-eDvSVe hLvfrA"
            >
              Open details
            </button>
          </div>
        </div>
      </div>
    </div>
    <div
      data-testid="location-display"
    >
      /
    </div>
  </div>,
  "debug": [Function],
  "findAllByAltText": [Function],
  "findAllByDisplayValue": [Function],
  "findAllByLabelText": [Function],
  "findAllByPlaceholderText": [Function],
  "findAllByRole": [Function],
  "findAllByTestId": [Function],
  "findAllByText": [Function],
  "findAllByTitle": [Function],
  "findByAltText": [Function],
  "findByDisplayValue": [Function],
  "findByLabelText": [Function],
  "findByPlaceholderText": [Function],
  "findByRole": [Function],
  "findByTestId": [Function],
  "findByText": [Function],
  "findByTitle": [Function],
  "getAllByAltText": [Function],
  "getAllByDisplayValue": [Function],
  "getAllByLabelText": [Function],
  "getAllByPlaceholderText": [Function],
  "getAllByRole": [Function],
  "getAllByTestId": [Function],
  "getAllByText": [Function],
  "getAllByTitle": [Function],
  "getByAltText": [Function],
  "getByDisplayValue": [Function],
  "getByLabelText": [Function],
  "getByPlaceholderText": [Function],
  "getByRole": [Function],
  "getByTestId": [Function],
  "getByText": [Function],
  "getByTitle": [Function],
  "queryAllByAltText": [Function],
  "queryAllByDisplayValue": [Function],
  "queryAllByLabelText": [Function],
  "queryAllByPlaceholderText": [Function],
  "queryAllByRole": [Function],
  "queryAllByTestId": [Function],
  "queryAllByText": [Function],
  "queryAllByTitle": [Function],
  "queryByAltText": [Function],
  "queryByDisplayValue": [Function],
  "queryByLabelText": [Function],
  "queryByPlaceholderText": [Function],
  "queryByRole": [Function],
  "queryByTestId": [Function],
  "queryByText": [Function],
  "queryByTitle": [Function],
  "rerender": [Function],
  "store": {
    "@@observable": [Function],
    "dispatch": [Function],
    "getState": [Function],
    "replaceReducer": [Function],
    "subscribe": [Function],
  },
  "unmount": [Function],
}
`;
