// Jest Snapshot v1, https://goo.gl/fbAQLP

exports[`Footer renders correctly 1`] = `
<div
  className="sc-bcXHqe jQetJk"
>
  Â©BedLand 2023
</div>
`;
